
> taxkosh@0.1.0 build
> next build

node.exe : ΓÜá Warning: Next.js inferred 
your workspace root, but it may not be 
correct.
At line:1 char:1
+ & "C:\Program Files\nodejs/node.exe" 
"C:\Program Files\nodejs/node_mo ...
+ ~~~~~~~~~~~~~~~~~~~~~~~~~~~~~~~~~~~~~~~~~
~~~~~~~~~~~~~~~~~~~~~~~~~~~~
    + CategoryInfo          : NotSpecified 
   : (ΓÜá Warning: Ne...not be correct.:S  
  tring) [], RemoteException
    + FullyQualifiedErrorId : NativeComman 
   dError
 
 We detected multiple lockfiles and 
selected the directory of 
C:\Users\dell\package-lock.json as the 
root directory.
 To silence this warning, set 
`turbopack.root` in your Next.js config, 
or consider removing one of the lockfiles 
if it's not needed.
   See https://nextjs.org/docs/app/api-refe
rence/config/next-config-js/turbopack#root-
directory for more information.
 Detected additional lockfiles: 
   * C:\Users\dell\.gemini\antigravity\scra
tch\TaxKosh2.0\taxkosh\package-lock.json

Γû▓ Next.js 16.1.6 (Turbopack)
- Environments: .env.local

ΓÜá The "middleware" file convention is 
deprecated. Please use "proxy" instead. 
Learn more: https://nextjs.org/docs/message
s/middleware-to-proxy
  Creating an optimized production build ...

> Build error occurred
Error: Turbopack build failed with 1 
errors:
./.gemini/antigravity/scratch/TaxKosh2.0/ta
xkosh/node_modules/@hookform/resolvers/zod/
dist/zod.mjs:1:127
Module not found: Can't resolve 
'zod/v4/core'
[0m[31m[1m>[22m[39m[90m 1 |[39m 
[36mimport[39m{validateFieldsNatively 
[36mas[39m r[33m,[39mtoNestErrors 
[36mas[39m e}[36mfrom[39m[32m"@hookfor
m/resolvers"[39m[33m;[39m[36mimport[39
m{appendErrors [36mas[39m o}[36mfrom[39
m[32m"react-hook-form"[39m[33m;[39m[36
mimport[39m[33m*[39m[36mas[39m n [36m
from[39m[32m"zod/v4/core"[39m[33m;[39m
[36mfunction[39m t(r[33m,[39me){[36mtr
y[39m{[36mvar[39m o[33m=[39mr()}[36mc
atch[39m(r){[36mreturn[39m 
e(r)}[36mreturn[39m o[33m&&[39mo[33m.
[39mthen[33m?[39mo[33m.[39mthen([36mvo
id[39m [35m0[39m[33m,[39me)[33m:[39m
o}[36mfunction[39m s(r[33m,[39me){[36m
for[39m([36mvar[39m n[33m=[39m{}[33m;
[39mr[33m.[39mlength[33m;[39m){[36mva
r[39m t[33m=[39mr[[35m0[39m][33m,[39
ms[33m=[39mt[33m.[39mcode[33m,[39mi[
33m=[39mt[33m.[39mmessage[33m,[39ma[3
3m=[39mt[33m.[39mpath[33m.[39mjoin([3
2m"."[39m)[33m;[39m[36mif[39m([33m![
39mn[a])[36mif[39m([32m"unionErrors"[39
m[36min[39m t){[36mvar[39m u[33m=[39m
t[33m.[39munionErrors[[35m0[39m][33m.
[39merrors[[35m0[39m][33m;[39mn[a][33m
=[39m{message[33m:[39mu[33m.[39mmessag
e[33m,[39mtype[33m:[39mu[33m.[39mcode
}}[36melse[39m n[a][33m=[39m{message[3
3m:[39mi[33m,[39mtype[33m:[39ms}[33m;
[39m[36mif[39m([32m"unionErrors"[39m[
36min[39m t[33m&&[39mt[33m.[39munionEr
rors[33m.[39mforEach([36mfunction[39m(e
){[36mreturn[39m e[33m.[39merrors[33m.
[39mforEach([36mfunction[39m(e){[36mret
urn[39m r[33m.[39mpush(e)})})[33m,[39m
e){[36mvar[39m c[33m=[39mn[a][33m.[39
mtypes[33m,[39mf[33m=[39mc[33m&&[39mc
[t[33m.[39mcode][33m;[39mn[a][33m=[39
mo(a[33m,[39me[33m,[39mn[33m,[39ms[3
3m,[39mf[33m?[39m[][33m.[39mconcat(f[
33m,[39mt[33m.[39mmessage)[33m:[39mt[
33m.[39mmessage)}r[33m.[39mshift()}[36m
return[39m n}[36mfunction[39m i(r[33m,
[39me){[36mfor[39m([36mvar[39m n[33m=
[39m{}[33m;[39mr[33m.[39mlength[33m;[
39m){[36mvar[39m t[33m=[39mr[[35m0[39
m][33m,[39ms[33m=[39mt[33m.[39mcode[
33m,[39mi[33m=[39mt[33m.[39mmessage[3
3m,[39ma[33m=[39mt[33m.[39mpath[33m.
[39mjoin([32m"."[39m)[33m;[39m[36mif[
39m([33m![39mn[a])[36mif[39m([32m"inva
lid_union"[39m[33m===[39mt[33m.[39mcod
e[33m&&[39mt[33m.[39merrors[33m.[39ml
ength[33m>[39m[35m0[39m){[36mvar[39m 
u[33m=[39mt[33m.[39merrors[[35m0[39m]
[[35m0[39m][33m;[39mn[a][33m=[39m{mes
sage[33m:[39mu[33m.[39mmessage[33m,[3
9mtype[33m:[39mu[33m.[39mcode}}[36mels
e[39m n[a][33m=[39m{message[33m:[39mi
[33m,[39mtype[33m:[39ms}[33m;[39m[36m
if[39m([32m"invalid_union"[39m[33m===[
39mt[33m.[39mcode[33m&&[39mt[33m.[39m
errors[33m.[39mforEach([36mfunction[39m
(e){[36mreturn[39m e[33m.[39mforEach([
36mfunction[39m(e){[36mreturn[39m r[33m
.[39mpush(e)})})[33m,[39me){[36mvar[39
m c[33m=[39mn[a][33m.[39mtypes[33m,[3
9mf[33m=[39mc[33m&&[39mc[t[33m.[39mco
de][33m;[39mn[a][33m=[39mo(a[33m,[39m
e[33m,[39mn[33m,[39ms[33m,[39mf[33m?
[39m[][33m.[39mconcat(f[33m,[39mt[33m
.[39mmessage)[33m:[39mt[33m.[39mmessag
e)}r[33m.[39mshift()}[36mreturn[39m 
n}[36mfunction[39m a(o[33m,[39ma[33m,
[39mu){[36mif[39m([36mvoid[39m [35m0[
39m[33m===[39mu[33m&&[39m(u[33m=[39m{
})[33m,[39m[36mfunction[39m(r){[36mret
urn[39m[32m"_def"[39m[36min[39m r[33m
&&[39m[32m"object"[39m[33m==[39m[36mt
ypeof[39m r[33m.[39m_def[33m&&[39m[32
m"typeName"[39m[36min[39m 
r[33m.[39m_def}(o))[36mreturn[39m [36m
function[39m(n[33m,[39mi[33m,[39mc){[
36mtry[39m{[36mreturn[39m [33mPromise[
39m[33m.[39mresolve(t([36mfunction[39m(
){[36mreturn[39m [33mPromise[39m[33m.
[39mresolve(o[[32m"sync"[39m[33m===[39m
u[33m.[39mmode[33m?[39m[32m"parse"[39
m[33m:[39m[32m"parseAsync"[39m](n[33m,
[39ma))[33m.[39mthen([36mfunction[39m(
e){[36mreturn[39m c[33m.[39mshouldUseNa
tiveValidation[33m&&[39mr({}[33m,[39mc)
[33m,[39m{errors[33m:[39m{}[33m,[39mv
alues[33m:[39mu[33m.[39mraw[33m?[39m
[33mObject[39m[33m.[39massign({}[33m,[
39mn)[33m:[39me}})}[33m,[39m[36mfuncti
on[39m(r){[36mif[39m([36mfunction[39m(
r){[36mreturn[39m [33mArray[39m[33m.[
39misArray([36mnull[39m[33m==[39mr[33m
?[39m[36mvoid[39m [35m0[39m[33m:[39m
r[33m.[39missues)}(r))[36mreturn[39m{va
lues[33m:[39m{}[33m,[39merrors[33m:[3
9me(s(r[33m.[39merrors[33m,[39m[33m![
39mc[33m.[39mshouldUseNativeValidation[3
3m&&[39m[32m"all"[39m[33m===[39mc[33m
.[39mcriteriaMode)[33m,[39mc)}[33m;[39
m[36mthrow[39m 
r}))}[36mcatch[39m(r){[36mreturn[39m [
33mPromise[39m[33m.[39mreject(r)}}[33m;
[39m[36mif[39m([36mfunction[39m(r){[3
6mreturn[39m[32m"_zod"[39m[36min[39m r
[33m&&[39m[32m"object"[39m[33m==[39m
[36mtypeof[39m 
r[33m.[39m_zod}(o))[36mreturn[39m [36m
function[39m(s[33m,[39mc[33m,[39mf){[
36mtry[39m{[36mreturn[39m [33mPromise[
39m[33m.[39mresolve(t([36mfunction[39m(
){[36mreturn[39m [33mPromise[39m[33m.
[39mresolve(([32m"sync"[39m[33m===[39mu
[33m.[39mmode[33m?[39mn[33m.[39mparse
[33m:[39mn[33m.[39mparseAsync)(o[33m,
[39ms[33m,[39ma))[33m.[39mthen([36mfun
ction[39m(e){[36mreturn[39m f[33m.[39m
shouldUseNativeValidation[33m&&[39mr({}[
33m,[39mf)[33m,[39m{errors[33m:[39m{}
[33m,[39mvalues[33m:[39mu[33m.[39mraw
[33m?[39m[33mObject[39m[33m.[39massign
({}[33m,[39ms)[33m:[39me}})}[33m,[39m
[36mfunction[39m(r){[36mif[39m([36mfun
ction[39m(r){[36mreturn[39m r 
[36minstanceof[39m n[33m.[39m$ZodError}
(r))[36mreturn[39m{values[33m:[39m{}[3
3m,[39merrors[33m:[39me(i(r[33m.[39mis
sues[33m,[39m[33m![39mf[33m.[39mshoul
dUseNativeValidation[33m&&[39m[32m"all"
[39m[33m===[39mf[33m.[39mcriteriaMode)
[33m,[39mf)}[33m;[39m[36mthrow[39m 
r}))}[36mcatch[39m(r){[36mreturn[39m [
33mPromise[39m[33m.[39mreject(r)}}[33m;
[39m[36mthrow[39m [36mnew[39m 
[33mError[39m([32m"Invalid input: not a 
Zod schema"[39m)}[36mexport[39m{a 
[36mas[39m zodResolver}[33m;[39m
 [90m   |[39m                            
                                           
                                           
             [31m[1m^[22m[39m[31m[1m^
[22m[39m[31m[1m^[22m[39m[31m[1m^[2
2m[39m[31m[1m^[22m[39m[31m[1m^[22m
[39m[31m[1m^[22m[39m[31m[1m^[22m[39
m[31m[1m^[22m[39m[31m[1m^[22m[39m[
31m[1m^[22m[39m[31m[1m^[22m[39m[31m
[1m^[22m[39m[31m[1m^[22m[39m[31m[1
m^[22m[39m[31m[1m^[22m[39m[31m[1m^
[22m[39m[31m[1m^[22m[39m[31m[1m^[22
m[39m[31m[1m^[22m[39m[31m[1m^[22m[
39m[31m[1m^[22m[39m[31m[1m^[22m[39m
[31m[1m^[22m[39m[31m[1m^[22m[39m[3
1m[1m^[22m[39m[31m[1m^[22m[39m[31m
[1m^[22m[39m[31m[1m^[22m[39m[31m[1m
^[22m[39m
 [90m 2 |[39m [90m//# 
sourceMappingURL=zod.module.js.map[39m
 [90m 3 |[39m[0m



Import traces:
  Client Component Browser:
    ./.gemini/antigravity/scratch/TaxKosh2.
0/taxkosh/node_modules/@hookform/resolvers/
zod/dist/zod.mjs [Client Component Browser]
    ./.gemini/antigravity/scratch/TaxKosh2.
0/taxkosh/app/(auth)/reset-password/page.ts
x [Client Component Browser]
    ./.gemini/antigravity/scratch/TaxKosh2.
0/taxkosh/app/(auth)/reset-password/page.ts
x [Server Component]

  Client Component SSR:
    ./.gemini/antigravity/scratch/TaxKosh2.
0/taxkosh/node_modules/@hookform/resolvers/
zod/dist/zod.mjs [Client Component SSR]
    ./.gemini/antigravity/scratch/TaxKosh2.
0/taxkosh/app/(auth)/reset-password/page.ts
x [Client Component SSR]
    ./.gemini/antigravity/scratch/TaxKosh2.
0/taxkosh/app/(auth)/reset-password/page.ts
x [Server Component]

https://nextjs.org/docs/messages/module-not
-found


    at ./.gemini/antigravity/scratch/TaxKos
h2.0/taxkosh/node_modules/ 
(hookform/resolvers/zod/dist/zod.mjs:1:127)
    at <unknown> (https://nextjs.org/docs/m
essages/module-not-found)
