node.exe : 
[33m[1mΓÜá[22m[39m 
Warning: Next.js inferred 
your workspace root, but it 
may not be correct.
At line:1 char:1
+ & "C:\Program 
Files\nodejs/node.exe" 
"C:\Program 
Files\nodejs/node_mo ...
+ ~~~~~~~~~~~~~~~~~~~~~~~~~~
~~~~~~~~~~~~~~~~~~~~~~~~~~~~
~~~~~~~~~~~~~~~
    + CategoryInfo          
    : NotSpecified: ([33m  
  [1mΓÜá[2...not be cor   
 rect.:String) [], Remot    
eException
    + FullyQualifiedErrorId 
    : NativeCommandError
 
 We detected multiple 
lockfiles and selected the 
directory of C:\Users\dell\p
ackage-lock.json as the 
root directory.
 To silence this warning, 
set `turbopack.root` in 
your Next.js config, or 
consider removing one of 
the lockfiles if it's not 
needed.
   See https://nextjs.org/do
cs/app/api-reference/config/
next-config-js/turbopack#roo
t-directory for more 
information.
 Detected additional 
lockfiles: 
   * C:\Users\dell\.gemini\a
ntigravity\scratch\TaxKosh2.
0\taxkosh\package-lock.json

[33m[1mΓÜá[22m[39m The 
"middleware" file 
convention is deprecated. 
Please use "proxy" instead. 
Learn more: https://nextjs.o
rg/docs/messages/middleware-
to-proxy

> Build error occurred
Error: Turbopack build 
failed with 2 errors:
./.gemini/antigravity/scratc
h/TaxKosh2.0/taxkosh/app/das
hboard/admin/services/[id]/p
age.tsx:23:1
[1m[31mModule not 
found[39m[22m: Can't 
resolve [32m'@/components/s
ervices/document-item'[39m
[0m [90m 21 |[39m 
[36mimport[39m 
[33mLink[39m 
[36mfrom[39m [32m"next/li
nk"[39m[33m;[39m
 [90m 22 |[39m 
[36mimport[39m 
[33mInternalNotes[39m 
[36mfrom[39m [32m"./notes
-feed"[39m[33m;[39m
[31m[1m>[22m[39m[90m 
23 |[39m [36mimport[39m 
{ [33mDocumentItem[39m } 
[36mfrom[39m [32m"@/compo
nents/services/document-item
"[39m[33m;[39m
 [90m    |[39m [31m[1m^
[22m[39m[31m[1m^[22m[39
m[31m[1m^[22m[39m[31m[
1m^[22m[39m[31m[1m^[22m
[39m[31m[1m^[22m[39m[3
1m[1m^[22m[39m[31m[1m^
[22m[39m[31m[1m^[22m[39
m[31m[1m^[22m[39m[31m[
1m^[22m[39m[31m[1m^[22m
[39m[31m[1m^[22m[39m[3
1m[1m^[22m[39m[31m[1m^
[22m[39m[31m[1m^[22m[39
m[31m[1m^[22m[39m[31m[
1m^[22m[39m[31m[1m^[22m
[39m[31m[1m^[22m[39m[3
1m[1m^[22m[39m[31m[1m^
[22m[39m[31m[1m^[22m[39
m[31m[1m^[22m[39m[31m[
1m^[22m[39m[31m[1m^[22m
[39m[31m[1m^[22m[39m[3
1m[1m^[22m[39m[31m[1m^
[22m[39m[31m[1m^[22m[39
m[31m[1m^[22m[39m[31m[
1m^[22m[39m[31m[1m^[22m
[39m[31m[1m^[22m[39m[3
1m[1m^[22m[39m[31m[1m^
[22m[39m[31m[1m^[22m[39
m[31m[1m^[22m[39m[31m[
1m^[22m[39m[31m[1m^[22m
[39m[31m[1m^[22m[39m[3
1m[1m^[22m[39m[31m[1m^
[22m[39m[31m[1m^[22m[39
m[31m[1m^[22m[39m[31m[
1m^[22m[39m[31m[1m^[22m
[39m[31m[1m^[22m[39m[3
1m[1m^[22m[39m[31m[1m^
[22m[39m[31m[1m^[22m[39
m[31m[1m^[22m[39m[31m[
1m^[22m[39m[31m[1m^[22m
[39m[31m[1m^[22m[39m[3
1m[1m^[22m[39m[31m[1m^
[22m[39m[31m[1m^[22m[39
m[31m[1m^[22m[39m[31m[
1m^[22m[39m[31m[1m^[22m
[39m[31m[1m^[22m[39m[3
1m[1m^[22m[39m[31m[1m^
[22m[39m[31m[1m^[22m[39
m[31m[1m^[22m[39m[31m[
1m^[22m[39m
 [90m 24 |[39m
 [90m 25 |[39m 
[36mexport[39m 
[36mdefault[39m 
[36mfunction[39m [33mServ
iceOperationDetail[39m({ 
params }[33m:[39m any) {
 [90m 26 |[39m     
[36mconst[39m 
[req[33m,[39m setReq] 
[33m=[39m useState[33m<[
39m[33many[39m[33m>[39m(
[36mnull[39m)[33m;[39m[
0m

Import map: aliased to 
relative './components/servi
ces/document-item' inside 
of [project]/.gemini/antigra
vity/scratch/TaxKosh2.0/taxk
osh


Import traces:
  Client Component Browser:
    ./.gemini/antigravity/sc
ratch/TaxKosh2.0/taxkosh/app
/dashboard/admin/services/[i
d]/page.tsx [Client 
Component Browser]
    ./.gemini/antigravity/sc
ratch/TaxKosh2.0/taxkosh/app
/dashboard/admin/services/[i
d]/page.tsx [Server 
Component]

  Client Component SSR:
    ./.gemini/antigravity/sc
ratch/TaxKosh2.0/taxkosh/app
/dashboard/admin/services/[i
d]/page.tsx [Client 
Component SSR]
    ./.gemini/antigravity/sc
ratch/TaxKosh2.0/taxkosh/app
/dashboard/admin/services/[i
d]/page.tsx [Server 
Component]

https://nextjs.org/docs/mess
ages/module-not-found


./.gemini/antigravity/scratc
h/TaxKosh2.0/taxkosh/compone
nts/services/ResolutionCente
r.tsx:4:1
[1m[31mModule not 
found[39m[22m: Can't 
resolve [32m'@/components/u
i/textarea'[39m
[0m [90m 2 |[39m 
[36mimport[39m { 
[33mCard[39m[33m,[39m [
33mCardContent[39m[33m,[3
9m [33mCardHeader[39m[33m
,[39m [33mCardTitle[39m 
} [36mfrom[39m [32m"@/com
ponents/ui/card"[39m[33m;
[39m
 [90m 3 |[39m 
[36mimport[39m { 
[33mButton[39m } 
[36mfrom[39m [32m"@/compo
nents/ui/button"[39m[33m;
[39m
[31m[1m>[22m[39m[90m 4 
|[39m [36mimport[39m { 
[33mTextarea[39m } 
[36mfrom[39m [32m"@/compo
nents/ui/textarea"[39m[33m
;[39m
 [90m   |[39m [31m[1m^[
22m[39m[31m[1m^[22m[39m
[31m[1m^[22m[39m[31m[1
m^[22m[39m[31m[1m^[22m
[39m[31m[1m^[22m[39m[31
m[1m^[22m[39m[31m[1m^[
22m[39m[31m[1m^[22m[39m
[31m[1m^[22m[39m[31m[1
m^[22m[39m[31m[1m^[22m
[39m[31m[1m^[22m[39m[31
m[1m^[22m[39m[31m[1m^[
22m[39m[31m[1m^[22m[39m
[31m[1m^[22m[39m[31m[1
m^[22m[39m[31m[1m^[22m
[39m[31m[1m^[22m[39m[31
m[1m^[22m[39m[31m[1m^[
22m[39m[31m[1m^[22m[39m
[31m[1m^[22m[39m[31m[1
m^[22m[39m[31m[1m^[22m
[39m[31m[1m^[22m[39m[31
m[1m^[22m[39m[31m[1m^[
22m[39m[31m[1m^[22m[39m
[31m[1m^[22m[39m[31m[1
m^[22m[39m[31m[1m^[22m
[39m[31m[1m^[22m[39m[31
m[1m^[22m[39m[31m[1m^[
22m[39m[31m[1m^[22m[39m
[31m[1m^[22m[39m[31m[1
m^[22m[39m[31m[1m^[22m
[39m[31m[1m^[22m[39m[31
m[1m^[22m[39m[31m[1m^[
22m[39m[31m[1m^[22m[39m
[31m[1m^[22m[39m[31m[1
m^[22m[39m[31m[1m^[22m
[39m[31m[1m^[22m[39m[31
m[1m^[22m[39m[31m[1m^[
22m[39m[31m[1m^[22m[39m
[31m[1m^[22m[39m
 [90m 5 |[39m
 [90m 6 |[39m 
[36minterface[39m [33mRes
olutionCenterProps[39m {
 [90m 7 |[39m     
serviceRequestId[33m:[39m 
string[33m;[39m[0m

Import map: aliased to 
relative 
'./components/ui/textarea' 
inside of [project]/.gemini/
antigravity/scratch/TaxKosh2
.0/taxkosh


Import trace:
  Server Component:
    ./.gemini/antigravity/sc
ratch/TaxKosh2.0/taxkosh/com
ponents/services/ResolutionC
enter.tsx
    ./.gemini/antigravity/sc
ratch/TaxKosh2.0/taxkosh/app
/dashboard/services/[id]/pag
e.tsx

https://nextjs.org/docs/mess
ages/module-not-found


    at <unknown> (./.gemini/
antigravity/scratch/TaxKosh2
.0/taxkosh/app/dashboard/adm
in/services/[id]/page.tsx:23
:1)
    at <unknown> (https://ne
xtjs.org/docs/messages/modul
e-not-found)
    at <unknown> (./.gemini/
antigravity/scratch/TaxKosh2
.0/taxkosh/components/servic
es/ResolutionCenter.tsx:4:1)
    at <unknown> (https://ne
xtjs.org/docs/messages/modul
e-not-found)
