node.exe : [2m[WebServer] 
[22m[33m[1mΓÜá[22m[39m 
Warning: Next.js inferred 
your workspace root, but it 
may not be correct.
At line:1 char:1
+ & "C:\Program 
Files\nodejs/node.exe" 
"C:\Program 
Files\nodejs/node_mo ...
+ ~~~~~~~~~~~~~~~~~~~~~~~~~~
~~~~~~~~~~~~~~~~~~~~~~~~~~~~
~~~~~~~~~~~~~~~
    + CategoryInfo          
    : NotSpecified: ([2m[  
  WebServer]...not be cor   
 rect.:String) [], Remot    
eException
    + FullyQualifiedErrorId 
    : NativeCommandError
 
[2m[WebServer] [22m We 
detected multiple lockfiles 
and selected the directory 
of C:\Users\dell\package-loc
k.json as the root 
directory.
[2m[WebServer] [22m To 
silence this warning, set 
`turbopack.root` in your 
Next.js config, or consider 
removing one of the 
lockfiles if it's not 
needed.
[2m[WebServer] [22m   See 
https://nextjs.org/docs/app/
api-reference/config/next-co
nfig-js/turbopack#root-direc
tory for more information.
[2m[WebServer] [22m 
Detected additional 
lockfiles: 
[2m[WebServer] [22m   * C:
\Users\dell\.gemini\antigrav
ity\scratch\TaxKosh2.0\taxko
sh\package-lock.json
[2m[WebServer] [22m
[2m[WebServer] 
[22m[33m[1mΓÜá[22m[39m 
The "middleware" file 
convention is deprecated. 
Please use "proxy" instead. 
Learn more: https://nextjs.o
rg/docs/messages/middleware-
to-proxy
[dotenv@17.3.1] injecting env (15) from .env.test -- tip: ≡ƒöÉ encrypt with Dotenvx: https://dotenvx.com
--- Global Setup: Environment Debug ---
Env Path: C:\Users\dell\.gemini\antigravity\scratch\TaxKosh2.0\taxkosh\.env.test
Dotenv Load Result: Success
Raw DATABASE_URL from ENV: postgresql://postgres:taxkosh@localhost:5432/taxkosh
--- Global Setup: Done ---

Running 1 test using 1 worker

[2m[WebServer] [22mError: 
Route 
"/api/tds/returns/[id]" 
used `params.id`. `params` 
is a Promise and must be 
unwrapped with `await` or 
`React.use()` before 
accessing its properties. 
Learn more: https://nextjs.o
rg/docs/messages/sync-dynami
c-apis
[2m[WebServer] [22m    at 
GET (app\api\tds\returns\[id
]\route.ts:12:33)
[2m[WebServer] [22m[0m 
[90m 10 |[39m     
[36mtry[39m {
[2m[WebServer] [22m [90m 
11 |[39m         
[36mconst[39m tdsReturn 
[33m=[39m [36mawait[39m 
prisma[33m.[39mtdsReturn[
33m.[39mfindUnique({
[2m[WebServer] [22m[31m[
1m>[22m[39m[90m 12 
|[39m             
where[33m:[39m { 
id[33m:[39m params[33m.[
39mid[33m,[39m 
userId[33m:[39m session[3
3m.[39muser[33m.[39mid 
}[33m,[39m
[2m[WebServer] [22m [90m 
   |[39m                   
              
[31m[1m^[22m[39m
[2m[WebServer] [22m [90m 
13 |[39m             
include[33m:[39m {
[2m[WebServer] [22m [90m 
14 |[39m                 
entries[33m:[39m { 
include[33m:[39m { 
deductee[33m:[39m 
[36mtrue[39m } 
}[33m,[39m
[2m[WebServer] [22m [90m 
15 |[39m                 
challans[33m:[39m 
[36mtrue[39m[0m
[2m[WebServer] [22mFetch 
TDS return details error: 
Error [PrismaClientValidatio
nError]: 
[2m[WebServer] 
[22mInvalid `__TURBOPACK__i
mported__module__$5b$project
$5d2f2e$gemini$2f$antigravit
y$2f$scratch$2f$TaxKosh2$2e$
0$2f$taxkosh$2f$lib$2f$prism
a$2e$ts__$5b$app$2d$route$5d
$__$28$ecmascript$29$__["pri
sma"].tdsReturn.findUnique()
` invocation in
[2m[WebServer] [22mC:\User
s\dell\.gemini\antigravity\s
cratch\TaxKosh2.0\taxkosh\.n
ext\dev\server\chunks\[root-
of-the-server]__32d091c3._.j
s:362:231
[2m[WebServer] [22m
[2m[WebServer] [22m  359  
   status: 401
[2m[WebServer] [22m  360 
});
[2m[WebServer] [22m  361 
try {
[2m[WebServer] [22mΓåÆ 
362     const tdsReturn = 
await __TURBOPACK__imported_
_module__$5b$project$5d2f2e$
gemini$2f$antigravity$2f$scr
atch$2f$TaxKosh2$2e$0$2f$tax
kosh$2f$lib$2f$prisma$2e$ts_
_$5b$app$2d$route$5d$__$28$e
cmascript$29$__["prisma"].td
sReturn.findUnique({
[2m[WebServer] [22m       
     where: {
[2m[WebServer] [22m       
       id: undefined,
[2m[WebServer] [22m       
       userId: 
"cmmbirh740001watem6ifovmm",
[2m[WebServer] [22m       
   ?   userId_financialYear_
quarter_formType?: TdsReturn
UserIdFinancialYearQuarterFo
rmTypeCompoundUniqueInput,
[2m[WebServer] [22m       
   ?   AND?: 
TdsReturnWhereInput | 
TdsReturnWhereInput[],
[2m[WebServer] [22m       
   ?   OR?: 
TdsReturnWhereInput[],
[2m[WebServer] [22m       
   ?   NOT?: 
TdsReturnWhereInput | 
TdsReturnWhereInput[],
[2m[WebServer] [22m       
   ?   financialYear?: 
StringFilter | String,
[2m[WebServer] [22m       
   ?   quarter?: IntFilter 
| Int,
[2m[WebServer] [22m       
   ?   formType?: 
EnumTdsFormTypeFilter | 
TdsFormType,
[2m[WebServer] [22m       
   ?   status?: 
EnumTdsReturnStatusFilter | 
TdsReturnStatus,
[2m[WebServer] [22m       
   ?   createdAt?: 
DateTimeFilter | DateTime,
[2m[WebServer] [22m       
   ?   updatedAt?: 
DateTimeFilter | DateTime,
[2m[WebServer] [22m       
   ?   user?: 
UserRelationFilter | 
UserWhereInput,
[2m[WebServer] [22m       
   ?   entries?: 
TdsEntryListRelationFilter,
[2m[WebServer] [22m       
   ?   challans?: 
TdsChallanListRelationFilter
[2m[WebServer] [22m       
     },
[2m[WebServer] [22m       
     include: {
[2m[WebServer] [22m       
       entries: {
[2m[WebServer] [22m       
         include: {
[2m[WebServer] [22m       
           deductee: true
[2m[WebServer] [22m       
         }
[2m[WebServer] [22m       
       },
[2m[WebServer] [22m       
       challans: true
[2m[WebServer] [22m       
     }
[2m[WebServer] [22m       
   })
[2m[WebServer] [22m
[2m[WebServer] 
[22mArgument `where` of 
type 
TdsReturnWhereUniqueInput 
needs at least one of `id` 
or `userId_financialYear_qua
rter_formType` arguments. 
Available options are 
marked with ?.
[2m[WebServer] [22m    at 
<unknown> (app\api\tds\retur
ns\[id]\route.ts:11:50)
[2m[WebServer] [22m    at 
async GET (app\api\tds\retur
ns\[id]\route.ts:11:27)
[2m[WebServer] [22m[0m 
[90m  9 |[39m
[2m[WebServer] [22m [90m 
10 |[39m     [36mtry[39m 
{
[2m[WebServer] [22m[31m[
1m>[22m[39m[90m 11 
|[39m         
[36mconst[39m tdsReturn 
[33m=[39m [36mawait[39m 
prisma[33m.[39mtdsReturn[
33m.[39mfindUnique({
[2m[WebServer] [22m [90m 
   |[39m                   
                            
   [31m[1m^[22m[39m
[2m[WebServer] [22m [90m 
12 |[39m             
where[33m:[39m { 
id[33m:[39m params[33m.[
39mid[33m,[39m 
userId[33m:[39m session[3
3m.[39muser[33m.[39mid 
}[33m,[39m
[2m[WebServer] [22m [90m 
13 |[39m             
include[33m:[39m {
[2m[WebServer] [22m [90m 
14 |[39m                 
entries[33m:[39m { 
include[33m:[39m { 
deductee[33m:[39m 
[36mtrue[39m } 
}[33m,[39m[0m {
[2m[WebServer] [22m  
clientVersion: 
[32m'5.22.0'[39m
[2m[WebServer] [22m}
  Γ£ÿ  1 [chromium] ΓÇ║ tests\tds.spec.ts:13:9 ΓÇ║ Flow 8: TDS Management & Filing ΓÇ║ User should be able to manage deductees and quarterly returns (10.9s)


  1) [chromium] ΓÇ║ tests\tds.spec.ts:13:9 ΓÇ║ Flow 8: TDS Management & Filing ΓÇ║ User should be able to manage deductees and quarterly returns 

    Error: [2mexpect([22m[31mlocator[39m[2m).[22mtoContainText[2m([22m[32mexpected[39m[2m)[22m failed

    Locator: locator('h1')
    Expected substring: [32m"TDS Return: Q1 (2024-25)"[39m
    Timeout: 5000ms
    Error: element(s) not found

    Call log:
    [2m  - Expect "toContainText" with timeout 5000ms[22m
    [2m  - waiting for locator('h1')[22m


      28 |         await page.goto(`/dashboard/business/tds/returns/${testReturnId}`);
      29 |
    > 30 |         await expect(page.locator('h1')).toContainText('TDS Return: Q1 (2024-25)');
         |                                          ^
      31 |
      32 |         // 3. Add Entry and Challan
      33 |         // Add Entry
        at C:\Users\dell\.gemini\antigravity\scratch\TaxKosh2.0\taxkosh\tests\tds.spec.ts:30:42

    attachment #1: screenshot (image/png) ΓöÇΓöÇΓöÇΓöÇΓöÇΓöÇΓöÇΓöÇΓöÇΓöÇΓöÇΓöÇΓöÇΓöÇΓöÇΓöÇΓöÇΓöÇΓöÇΓöÇΓöÇΓöÇΓöÇΓöÇΓöÇΓöÇΓöÇΓöÇΓöÇΓöÇΓöÇΓöÇΓöÇΓöÇΓöÇΓöÇΓöÇΓöÇΓöÇΓöÇΓöÇΓöÇΓöÇΓöÇΓöÇΓöÇΓöÇΓöÇΓöÇΓöÇΓöÇΓöÇΓöÇΓöÇΓöÇΓöÇΓöÇΓöÇ
    test-results\tds-Flow-8-TDS-Management--f6ca8-ctees-and-quarterly-returns-chromium\test-failed-1.png
    ΓöÇΓöÇΓöÇΓöÇΓöÇΓöÇΓöÇΓöÇΓöÇΓöÇΓöÇΓöÇΓöÇΓöÇΓöÇΓöÇΓöÇΓöÇΓöÇΓöÇΓöÇΓöÇΓöÇΓöÇΓöÇΓöÇΓöÇΓöÇΓöÇΓöÇΓöÇΓöÇΓöÇΓöÇΓöÇΓöÇΓöÇΓöÇΓöÇΓöÇΓöÇΓöÇΓöÇΓöÇΓöÇΓöÇΓöÇΓöÇΓöÇΓöÇΓöÇΓöÇΓöÇΓöÇΓöÇΓöÇΓöÇΓöÇΓöÇΓöÇΓöÇΓöÇΓöÇΓöÇΓöÇΓöÇΓöÇΓöÇΓöÇΓöÇΓöÇΓöÇΓöÇΓöÇΓöÇΓöÇΓöÇΓöÇΓöÇΓöÇΓöÇΓöÇΓöÇΓöÇΓöÇΓöÇΓöÇΓöÇΓöÇΓöÇΓöÇΓöÇΓöÇΓöÇΓöÇΓöÇ

    Error Context: test-results\tds-Flow-8-TDS-Management--f6ca8-ctees-and-quarterly-returns-chromium\error-context.md

  1 failed
    [chromium] ΓÇ║ tests\tds.spec.ts:13:9 ΓÇ║ Flow 8: TDS Management & Filing ΓÇ║ User should be able to manage deductees and quarterly returns 
